../Core/Src/main.c:85:5:main	24	static
../Core/Src/main.c:201:6:SystemClock_Config	88	static
../Core/Src/main.c:245:6:HAL_TIM_PeriodElapsedCallback	16	static
../Core/Src/main.c:251:6:myOLED_Startup	8	static
../Core/Src/main.c:268:6:myDAC_init	4	static
../Core/Src/main.c:289:6:myTDC_EnablePowerOn	8	static
../Core/Src/main.c:298:6:myTDC_Init	16	static
../Core/Src/main.c:331:6:myTDC_StartMeasurement	16	static
../Core/Src/main.c:339:6:HAL_GPIO_EXTI_Callback	16	static
../Core/Src/main.c:371:6:Error_Handler	4	static,ignoring_inline_asm
