../Core/Src/main.c:85:5:main	24	static
../Core/Src/main.c:195:6:SystemClock_Config	88	static
../Core/Src/main.c:239:6:HAL_TIM_PeriodElapsedCallback	16	static
../Core/Src/main.c:245:6:myOLED_Startup	8	static
../Core/Src/main.c:262:6:myDAC_init	4	static
../Core/Src/main.c:283:6:myTDC_EnablePowerOn	8	static
../Core/Src/main.c:292:6:myTDC_Init	16	static
../Core/Src/main.c:325:6:myTDC_StartMeasurement	16	static
../Core/Src/main.c:333:6:HAL_GPIO_EXTI_Callback	16	static
../Core/Src/main.c:354:6:Error_Handler	4	static,ignoring_inline_asm
